{"ts":"2026-09-29T04:35:57.950Z","engineVersion":"0.1.0","event":"INTENT_CREATED","space":"default","intent":"260929-doctor","scope":"classic"}
{"ts":"2026-09-29T04:35:57.950Z","engineVersion":"0.1.0","event":"SCOPE_SELECTED","space":"default","intent":"260929-doctor","scope":"classic"}
{"ts":"2026-09-29T04:35:57.950Z","engineVersion":"0.1.0","event":"STAGE_STARTED","space":"default","intent":"260929-doctor","phase":"analyze","stage":"intent-capture"}
{"ts":"2026-09-29T04:36:36.878Z","engineVersion":"0.1.0","event":"WORKFLOW_PARKED","space":"default","intent":"260929-doctor","stage":"intent-capture"}
{"ts":"2026-09-29T06:29:14.789Z","engineVersion":"0.1.0","event":"WORKFLOW_PARKED","space":"default","intent":"260929-doctor","stage":"intent-capture"}
{"ts":"2026-09-29T06:29:14.828Z","engineVersion":"0.1.0","event":"INTENT_CREATED","space":"default","intent":"260929-update-architecture-and","scope":"express"}
{"ts":"2026-09-29T06:29:14.828Z","engineVersion":"0.1.0","event":"SCOPE_SELECTED","space":"default","intent":"260929-update-architecture-and","scope":"express"}
{"ts":"2026-09-29T06:29:14.828Z","engineVersion":"0.1.0","event":"STAGE_STARTED","space":"default","intent":"260929-update-architecture-and","phase":"analyze","stage":"intent-capture"}
{"ts":"2026-09-29T06:30:17.471Z","engineVersion":"0.1.0","space":"default","intent":"260929-update-architecture-and","phase":"analyze","stage":"intent-capture","result":"approved","userInput":null,"reason":null,"event":"STAGE_APPROVED"}
{"ts":"2026-09-29T06:30:17.472Z","engineVersion":"0.1.0","event":"STAGE_STARTED","space":"default","intent":"260929-update-architecture-and","phase":"analyze","stage":"requirements-analysis"}
{"ts":"2026-09-29T06:30:38.506Z","engineVersion":"0.1.0","space":"default","intent":"260929-update-architecture-and","phase":"analyze","stage":"requirements-analysis","result":"approved","userInput":null,"reason":null,"event":"STAGE_APPROVED"}
{"ts":"2026-09-29T06:30:38.507Z","engineVersion":"0.1.0","event":"STAGE_STARTED","space":"default","intent":"260929-update-architecture-and","phase":"develop","stage":"task-planning"}
{"ts":"2026-09-29T06:30:53.074Z","engineVersion":"0.1.0","space":"default","intent":"260929-update-architecture-and","phase":"develop","stage":"task-planning","result":"approved","userInput":null,"reason":null,"event":"STAGE_APPROVED"}
{"ts":"2026-09-29T06:30:53.075Z","engineVersion":"0.1.0","event":"STAGE_STARTED","space":"default","intent":"260929-update-architecture-and","phase":"develop","stage":"code-generation"}
{"ts":"2026-09-29T06:35:30.985Z","engineVersion":"0.1.0","space":"default","intent":"260929-update-architecture-and","phase":"develop","stage":"code-generation","result":"approved","userInput":null,"reason":null,"event":"STAGE_APPROVED"}
{"ts":"2026-09-29T06:35:30.986Z","engineVersion":"0.1.0","event":"STAGE_STARTED","space":"default","intent":"260929-update-architecture-and","phase":"develop","stage":"refactor"}
{"ts":"2026-09-29T06:35:37.639Z","engineVersion":"0.1.0","space":"default","intent":"260929-update-architecture-and","phase":"develop","stage":"refactor","result":"skipped","userInput":null,"reason":"Documentation-only intent: no source code, tests, pipeline, or deployment affected","event":"STAGE_SKIPPED"}
{"ts":"2026-09-29T06:35:37.640Z","engineVersion":"0.1.0","event":"STAGE_STARTED","space":"default","intent":"260929-update-architecture-and","phase":"launch","stage":"test-plan"}
{"ts":"2026-09-29T06:35:37.681Z","engineVersion":"0.1.0","space":"default","intent":"260929-update-architecture-and","phase":"launch","stage":"test-plan","result":"skipped","userInput":null,"reason":"Documentation-only intent: no source code, tests, pipeline, or deployment affected","event":"STAGE_SKIPPED"}
{"ts":"2026-09-29T06:35:37.682Z","engineVersion":"0.1.0","event":"STAGE_STARTED","space":"default","intent":"260929-update-architecture-and","phase":"launch","stage":"test-generation"}
{"ts":"2026-09-29T06:35:37.721Z","engineVersion":"0.1.0","space":"default","intent":"260929-update-architecture-and","phase":"launch","stage":"test-generation","result":"skipped","userInput":null,"reason":"Documentation-only intent: no source code, tests, pipeline, or deployment affected","event":"STAGE_SKIPPED"}
{"ts":"2026-09-29T06:35:37.722Z","engineVersion":"0.1.0","event":"STAGE_STARTED","space":"default","intent":"260929-update-architecture-and","phase":"launch","stage":"ci-pipeline"}
{"ts":"2026-09-29T06:35:37.761Z","engineVersion":"0.1.0","space":"default","intent":"260929-update-architecture-and","phase":"launch","stage":"ci-pipeline","result":"skipped","userInput":null,"reason":"Documentation-only intent: no source code, tests, pipeline, or deployment affected","event":"STAGE_SKIPPED"}
{"ts":"2026-09-29T06:35:37.762Z","engineVersion":"0.1.0","event":"STAGE_STARTED","space":"default","intent":"260929-update-architecture-and","phase":"launch","stage":"deployment"}
{"ts":"2026-09-29T06:35:37.801Z","engineVersion":"0.1.0","space":"default","intent":"260929-update-architecture-and","phase":"launch","stage":"deployment","result":"skipped","userInput":null,"reason":"Documentation-only intent: no source code, tests, pipeline, or deployment affected","event":"STAGE_SKIPPED"}
{"ts":"2026-09-29T06:35:37.802Z","engineVersion":"0.1.0","event":"WORKFLOW_COMPLETED","space":"default","intent":"260929-update-architecture-and"}
